c:\users\etern\documents\lamev2\lame\builds\intermediate\x64\release\vc145.pdb
c:\users\etern\documents\lamev2\lame\builds\intermediate\x64\release\imgui_impl_dx11.obj
c:\users\etern\documents\lamev2\lame\builds\intermediate\x64\release\imgui_impl_win32.obj
c:\users\etern\documents\lamev2\lame\builds\intermediate\x64\release\imgui_widgets.obj
c:\users\etern\documents\lamev2\lame\builds\intermediate\x64\release\imgui_tables.obj
c:\users\etern\documents\lamev2\lame\builds\intermediate\x64\release\imgui_draw.obj
c:\users\etern\documents\lamev2\lame\builds\intermediate\x64\release\imgui.obj
c:\users\etern\documents\lamev2\lame\builds\intermediate\x64\release\overlay.obj
c:\users\etern\documents\lamev2\lame\builds\intermediate\x64\release\imgui_demo.obj
c:\users\etern\documents\lamev2\lame\builds\intermediate\x64\release\lzma_helper.obj
c:\users\etern\documents\lamev2\lame\builds\intermediate\x64\release\core.obj
c:\users\etern\documents\lamev2\lame\builds\intermediate\x64\release\lzmadec.obj
c:\users\etern\documents\lamev2\lame\builds\x64\release\lame.exe
c:\users\etern\documents\lamev2\lame\builds\x64\release\lame.pdb
c:\users\etern\documents\lamev2\lame\builds\intermediate\x64\release\lame.ipdb
c:\users\etern\documents\lamev2\lame\builds\intermediate\x64\release\lame.iobj
c:\users\etern\documents\lamev2\lame\builds\intermediate\x64\release\lame_verify.ipdb
c:\users\etern\documents\lamev2\lame\builds\intermediate\x64\release\lame_verify.iobj
c:\users\etern\documents\lamev2\lame\builds\intermediate\x64\release\lame.vcxproj.filelistabsolute.txt
c:\users\etern\documents\lamev2\lame\builds\intermediate\x64\release\lame.tlog\cl.command.1.tlog
c:\users\etern\documents\lamev2\lame\builds\intermediate\x64\release\lame.tlog\cl.items.tlog
c:\users\etern\documents\lamev2\lame\builds\intermediate\x64\release\lame.tlog\cl.read.1.tlog
c:\users\etern\documents\lamev2\lame\builds\intermediate\x64\release\lame.tlog\cl.write.1.tlog
c:\users\etern\documents\lamev2\lame\builds\intermediate\x64\release\lame.tlog\link.command.1.tlog
c:\users\etern\documents\lamev2\lame\builds\intermediate\x64\release\lame.tlog\link.read.1.tlog
c:\users\etern\documents\lamev2\lame\builds\intermediate\x64\release\lame.tlog\link.secondary.1.tlog
c:\users\etern\documents\lamev2\lame\builds\intermediate\x64\release\lame.tlog\link.write.1.tlog
